Copyright 1986-2022 Xilinx, Inc. All Rights Reserved. Copyright 2022-2023 Advanced Micro Devices, Inc. All Rights Reserved.
----------------------------------------------------------------------------------------------------------------------------------------------------------------
| Tool Version : Vivado v.2023.2 (lin64) Build 4029153 Fri Oct 13 20:13:54 MDT 2023
| Date         : <date>
| Host         : <host>
| Command      : report_utilization -file <rundir>/utilization_report_hier.txt -hierarchical -hierarchical_percentages -force
| Design       : ama_riscv_fpga
| Device       : xc7a100tcsg324-1
| Speed File   : -1
| Design State : Physopt postRoute
----------------------------------------------------------------------------------------------------------------------------------------------------------------

Utilization Design Information

Table of Contents
-----------------
1. Utilization by Hierarchy

1. Utilization by Hierarchy
---------------------------

+----------------------------------------------------------+-------------------------------+---------------+---------------+------------+----------+-------------+------------+----------+------------+
|                         Instance                         |             Module            |   Total LUTs  |   Logic LUTs  |   LUTRAMs  |   SRLs   |     FFs     |   RAMB36   |  RAMB18  | DSP Blocks |
+----------------------------------------------------------+-------------------------------+---------------+---------------+------------+----------+-------------+------------+----------+------------+
| ama_riscv_fpga                                           |                         (top) | 11264(17.77%) | 11132(17.56%) | 132(0.69%) | 0(0.00%) | 4964(3.91%) | 44(32.59%) | 0(0.00%) |   0(0.00%) |
|   (ama_riscv_fpga)                                       |                         (top) |      8(0.01%) |      8(0.01%) |   0(0.00%) | 0(0.00%) |   28(0.02%) |   0(0.00%) | 0(0.00%) |   0(0.00%) |
|   ama_riscv_top_i                                        |                 ama_riscv_top | 11256(17.75%) | 11124(17.55%) | 132(0.69%) | 0(0.00%) | 4936(3.89%) | 44(32.59%) | 0(0.00%) |   0(0.00%) |
|     ama_riscv_core_top_i                                 |            ama_riscv_core_top | 11155(17.59%) | 11023(17.39%) | 132(0.69%) | 0(0.00%) | 4842(3.82%) |  12(8.89%) | 0(0.00%) |   0(0.00%) |
|       ama_riscv_core_i                                   |                ama_riscv_core |  8912(14.06%) |  8780(13.85%) | 132(0.69%) | 0(0.00%) | 3513(2.77%) |   0(0.00%) | 0(0.00%) |   0(0.00%) |
|         (ama_riscv_core_i)                               |                ama_riscv_core |    998(1.57%) |    998(1.57%) |   0(0.00%) | 0(0.00%) |  867(0.68%) |   0(0.00%) | 0(0.00%) |   0(0.00%) |
|         ama_riscv_alu_i                                  |                 ama_riscv_alu |    361(0.57%) |    361(0.57%) |   0(0.00%) | 0(0.00%) |    0(0.00%) |   0(0.00%) | 0(0.00%) |   0(0.00%) |
|         ama_riscv_csr_i                                  |                 ama_riscv_csr |   1056(1.67%) |   1056(1.67%) |   0(0.00%) | 0(0.00%) |  742(0.59%) |   0(0.00%) | 0(0.00%) |   0(0.00%) |
|         ama_riscv_data_fmt_i                             |            ama_riscv_data_fmt |    152(0.24%) |    152(0.24%) |   0(0.00%) | 0(0.00%) |    0(0.00%) |   0(0.00%) | 0(0.00%) |   0(0.00%) |
|         ama_riscv_decoder_i                              |             ama_riscv_decoder |     69(0.11%) |     69(0.11%) |   0(0.00%) | 0(0.00%) |    0(0.00%) |   0(0.00%) | 0(0.00%) |   0(0.00%) |
|         ama_riscv_div_i                                  |                 ama_riscv_div |   1070(1.69%) |   1070(1.69%) |   0(0.00%) | 0(0.00%) |  437(0.34%) |   0(0.00%) | 0(0.00%) |   0(0.00%) |
|           (ama_riscv_div_i)                              |                 ama_riscv_div |   1024(1.62%) |   1024(1.62%) |   0(0.00%) | 0(0.00%) |  437(0.34%) |   0(0.00%) | 0(0.00%) |   0(0.00%) |
|           lzc_dividend_i                                 |                        lzc__1 |     24(0.04%) |     24(0.04%) |   0(0.00%) | 0(0.00%) |    0(0.00%) |   0(0.00%) | 0(0.00%) |   0(0.00%) |
|           lzc_divisor_i                                  |                           lzc |     23(0.04%) |     23(0.04%) |   0(0.00%) | 0(0.00%) |    0(0.00%) |   0(0.00%) | 0(0.00%) |   0(0.00%) |
|         ama_riscv_fe_ctrl_i                              |             ama_riscv_fe_ctrl |    173(0.27%) |    173(0.27%) |   0(0.00%) | 0(0.00%) |  108(0.09%) |   0(0.00%) | 0(0.00%) |   0(0.00%) |
|         ama_riscv_imm_gen_i                              |             ama_riscv_imm_gen |     28(0.04%) |     28(0.04%) |   0(0.00%) | 0(0.00%) |    0(0.00%) |   0(0.00%) | 0(0.00%) |   0(0.00%) |
|         ama_riscv_operand_forwarding_i                   |  ama_riscv_operand_forwarding |     75(0.12%) |     75(0.12%) |   0(0.00%) | 0(0.00%) |    0(0.00%) |   0(0.00%) | 0(0.00%) |   0(0.00%) |
|         ama_riscv_reg_file_i                             |            ama_riscv_reg_file |    270(0.43%) |    138(0.22%) | 132(0.69%) | 0(0.00%) |    0(0.00%) |   0(0.00%) | 0(0.00%) |   0(0.00%) |
|         ama_riscv_simd_i                                 |                ama_riscv_simd |   3339(5.27%) |   3339(5.27%) |   0(0.00%) | 0(0.00%) |  453(0.36%) |   0(0.00%) | 0(0.00%) |   0(0.00%) |
|           (ama_riscv_simd_i)                             |                ama_riscv_simd |   1437(2.27%) |   1437(2.27%) |   0(0.00%) | 0(0.00%) |  453(0.36%) |   0(0.00%) | 0(0.00%) |   0(0.00%) |
|           csa_i_mul_hsu                                  |                           csa |     61(0.10%) |     61(0.10%) |   0(0.00%) | 0(0.00%) |    0(0.00%) |   0(0.00%) | 0(0.00%) |   0(0.00%) |
|           csa_i_tree_sum_mbw                             |                        csa__9 |     62(0.10%) |     62(0.10%) |   0(0.00%) | 0(0.00%) |    0(0.00%) |   0(0.00%) | 0(0.00%) |   0(0.00%) |
|           csa_i_wmul16_0                                 |        csa__parameterized0__1 |     31(0.05%) |     31(0.05%) |   0(0.00%) | 0(0.00%) |    0(0.00%) |   0(0.00%) | 0(0.00%) |   0(0.00%) |
|           csa_i_wmul16_1                                 |           csa__parameterized0 |     30(0.05%) |     30(0.05%) |   0(0.00%) | 0(0.00%) |    0(0.00%) |   0(0.00%) | 0(0.00%) |   0(0.00%) |
|           csa_i_wmul8_0                                  |        csa__parameterized1__1 |     15(0.02%) |     15(0.02%) |   0(0.00%) | 0(0.00%) |    0(0.00%) |   0(0.00%) | 0(0.00%) |   0(0.00%) |
|           csa_i_wmul8_1                                  |        csa__parameterized1__2 |     14(0.02%) |     14(0.02%) |   0(0.00%) | 0(0.00%) |    0(0.00%) |   0(0.00%) | 0(0.00%) |   0(0.00%) |
|           csa_i_wmul8_2                                  |        csa__parameterized1__3 |     15(0.02%) |     15(0.02%) |   0(0.00%) | 0(0.00%) |    0(0.00%) |   0(0.00%) | 0(0.00%) |   0(0.00%) |
|           csa_i_wmul8_3                                  |           csa__parameterized1 |     14(0.02%) |     14(0.02%) |   0(0.00%) | 0(0.00%) |    0(0.00%) |   0(0.00%) | 0(0.00%) |   0(0.00%) |
|           csa_tree_8_f_i                                 |    csa_tree_8__parameterized0 |    324(0.51%) |    324(0.51%) |   0(0.00%) | 0(0.00%) |    0(0.00%) |   0(0.00%) | 0(0.00%) |   0(0.00%) |
|             gen_tree_4.csa_tree_4_bot_i                  |                    csa_tree_4 |    114(0.18%) |    114(0.18%) |   0(0.00%) | 0(0.00%) |    0(0.00%) |   0(0.00%) | 0(0.00%) |   0(0.00%) |
|               csa_i_l0_0                                 |                        csa__1 |     50(0.08%) |     50(0.08%) |   0(0.00%) | 0(0.00%) |    0(0.00%) |   0(0.00%) | 0(0.00%) |   0(0.00%) |
|               csa_i_l1_0                                 |                        csa__2 |     64(0.10%) |     64(0.10%) |   0(0.00%) | 0(0.00%) |    0(0.00%) |   0(0.00%) | 0(0.00%) |   0(0.00%) |
|             gen_tree_4.csa_tree_4_top_l_i                |                 csa_tree_4__1 |    121(0.19%) |    121(0.19%) |   0(0.00%) | 0(0.00%) |    0(0.00%) |   0(0.00%) | 0(0.00%) |   0(0.00%) |
|               csa_i_l0_0                                 |                       csa__11 |     58(0.09%) |     58(0.09%) |   0(0.00%) | 0(0.00%) |    0(0.00%) |   0(0.00%) | 0(0.00%) |   0(0.00%) |
|               csa_i_l1_0                                 |                       csa__10 |     63(0.10%) |     63(0.10%) |   0(0.00%) | 0(0.00%) |    0(0.00%) |   0(0.00%) | 0(0.00%) |   0(0.00%) |
|             gen_tree_4.csa_tree_4_top_r_i                |                 csa_tree_4__2 |     89(0.14%) |     89(0.14%) |   0(0.00%) | 0(0.00%) |    0(0.00%) |   0(0.00%) | 0(0.00%) |   0(0.00%) |
|               csa_i_l0_0                                 |                       csa__13 |     42(0.07%) |     42(0.07%) |   0(0.00%) | 0(0.00%) |    0(0.00%) |   0(0.00%) | 0(0.00%) |   0(0.00%) |
|               csa_i_l1_0                                 |                       csa__12 |     47(0.07%) |     47(0.07%) |   0(0.00%) | 0(0.00%) |    0(0.00%) |   0(0.00%) | 0(0.00%) |   0(0.00%) |
|           csa_tree_8_i0                                  |                 csa_tree_8__1 |    253(0.40%) |    253(0.40%) |   0(0.00%) | 0(0.00%) |    0(0.00%) |   0(0.00%) | 0(0.00%) |   0(0.00%) |
|             gen_comp.csa_i_l0_0                          |                       csa__19 |     33(0.05%) |     33(0.05%) |   0(0.00%) | 0(0.00%) |    0(0.00%) |   0(0.00%) | 0(0.00%) |   0(0.00%) |
|             gen_comp.csa_i_l0_1                          |                       csa__18 |     35(0.06%) |     35(0.06%) |   0(0.00%) | 0(0.00%) |    0(0.00%) |   0(0.00%) | 0(0.00%) |   0(0.00%) |
|             gen_comp.csa_i_l1_0                          |                       csa__17 |     34(0.05%) |     34(0.05%) |   0(0.00%) | 0(0.00%) |    0(0.00%) |   0(0.00%) | 0(0.00%) |   0(0.00%) |
|             gen_comp.csa_i_l1_1                          |                       csa__16 |     37(0.06%) |     37(0.06%) |   0(0.00%) | 0(0.00%) |    0(0.00%) |   0(0.00%) | 0(0.00%) |   0(0.00%) |
|             gen_comp.csa_i_l2_0                          |                       csa__15 |     38(0.06%) |     38(0.06%) |   0(0.00%) | 0(0.00%) |    0(0.00%) |   0(0.00%) | 0(0.00%) |   0(0.00%) |
|             gen_comp.csa_i_l3_0                          |                       csa__14 |     76(0.12%) |     76(0.12%) |   0(0.00%) | 0(0.00%) |    0(0.00%) |   0(0.00%) | 0(0.00%) |   0(0.00%) |
|           csa_tree_8_i1                                  |                 csa_tree_8__2 |    309(0.49%) |    309(0.49%) |   0(0.00%) | 0(0.00%) |    0(0.00%) |   0(0.00%) | 0(0.00%) |   0(0.00%) |
|             gen_comp.csa_i_l0_0                          |                       csa__25 |     41(0.06%) |     41(0.06%) |   0(0.00%) | 0(0.00%) |    0(0.00%) |   0(0.00%) | 0(0.00%) |   0(0.00%) |
|             gen_comp.csa_i_l0_1                          |                       csa__24 |     43(0.07%) |     43(0.07%) |   0(0.00%) | 0(0.00%) |    0(0.00%) |   0(0.00%) | 0(0.00%) |   0(0.00%) |
|             gen_comp.csa_i_l1_0                          |                       csa__23 |     42(0.07%) |     42(0.07%) |   0(0.00%) | 0(0.00%) |    0(0.00%) |   0(0.00%) | 0(0.00%) |   0(0.00%) |
|             gen_comp.csa_i_l1_1                          |                       csa__22 |     45(0.07%) |     45(0.07%) |   0(0.00%) | 0(0.00%) |    0(0.00%) |   0(0.00%) | 0(0.00%) |   0(0.00%) |
|             gen_comp.csa_i_l2_0                          |                       csa__21 |     46(0.07%) |     46(0.07%) |   0(0.00%) | 0(0.00%) |    0(0.00%) |   0(0.00%) | 0(0.00%) |   0(0.00%) |
|             gen_comp.csa_i_l3_0                          |                       csa__20 |     92(0.15%) |     92(0.15%) |   0(0.00%) | 0(0.00%) |    0(0.00%) |   0(0.00%) | 0(0.00%) |   0(0.00%) |
|           csa_tree_8_i2                                  |                 csa_tree_8__3 |    365(0.58%) |    365(0.58%) |   0(0.00%) | 0(0.00%) |    0(0.00%) |   0(0.00%) | 0(0.00%) |   0(0.00%) |
|             gen_comp.csa_i_l0_0                          |                       csa__31 |     49(0.08%) |     49(0.08%) |   0(0.00%) | 0(0.00%) |    0(0.00%) |   0(0.00%) | 0(0.00%) |   0(0.00%) |
|             gen_comp.csa_i_l0_1                          |                       csa__30 |     51(0.08%) |     51(0.08%) |   0(0.00%) | 0(0.00%) |    0(0.00%) |   0(0.00%) | 0(0.00%) |   0(0.00%) |
|             gen_comp.csa_i_l1_0                          |                       csa__29 |     50(0.08%) |     50(0.08%) |   0(0.00%) | 0(0.00%) |    0(0.00%) |   0(0.00%) | 0(0.00%) |   0(0.00%) |
|             gen_comp.csa_i_l1_1                          |                       csa__28 |     53(0.08%) |     53(0.08%) |   0(0.00%) | 0(0.00%) |    0(0.00%) |   0(0.00%) | 0(0.00%) |   0(0.00%) |
|             gen_comp.csa_i_l2_0                          |                       csa__27 |     54(0.09%) |     54(0.09%) |   0(0.00%) | 0(0.00%) |    0(0.00%) |   0(0.00%) | 0(0.00%) |   0(0.00%) |
|             gen_comp.csa_i_l3_0                          |                       csa__26 |    108(0.17%) |    108(0.17%) |   0(0.00%) | 0(0.00%) |    0(0.00%) |   0(0.00%) | 0(0.00%) |   0(0.00%) |
|           csa_tree_8_i3                                  |                    csa_tree_8 |    421(0.66%) |    421(0.66%) |   0(0.00%) | 0(0.00%) |    0(0.00%) |   0(0.00%) | 0(0.00%) |   0(0.00%) |
|             gen_comp.csa_i_l0_0                          |                        csa__3 |     57(0.09%) |     57(0.09%) |   0(0.00%) | 0(0.00%) |    0(0.00%) |   0(0.00%) | 0(0.00%) |   0(0.00%) |
|             gen_comp.csa_i_l0_1                          |                        csa__4 |     59(0.09%) |     59(0.09%) |   0(0.00%) | 0(0.00%) |    0(0.00%) |   0(0.00%) | 0(0.00%) |   0(0.00%) |
|             gen_comp.csa_i_l1_0                          |                        csa__5 |     58(0.09%) |     58(0.09%) |   0(0.00%) | 0(0.00%) |    0(0.00%) |   0(0.00%) | 0(0.00%) |   0(0.00%) |
|             gen_comp.csa_i_l1_1                          |                        csa__6 |     61(0.10%) |     61(0.10%) |   0(0.00%) | 0(0.00%) |    0(0.00%) |   0(0.00%) | 0(0.00%) |   0(0.00%) |
|             gen_comp.csa_i_l2_0                          |                        csa__7 |     62(0.10%) |     62(0.10%) |   0(0.00%) | 0(0.00%) |    0(0.00%) |   0(0.00%) | 0(0.00%) |   0(0.00%) |
|             gen_comp.csa_i_l3_0                          |                        csa__8 |    124(0.20%) |    124(0.20%) |   0(0.00%) | 0(0.00%) |    0(0.00%) |   0(0.00%) | 0(0.00%) |   0(0.00%) |
|         gen_bp_dyn.ama_riscv_bp_c1_i                     |  ama_riscv_bp__parameterized1 |    737(1.16%) |    737(1.16%) |   0(0.00%) | 0(0.00%) |  384(0.30%) |   0(0.00%) | 0(0.00%) |   0(0.00%) |
|           (gen_bp_dyn.ama_riscv_bp_c1_i)                 |  ama_riscv_bp__parameterized1 |      3(0.01%) |      3(0.01%) |   0(0.00%) | 0(0.00%) |    0(0.00%) |   0(0.00%) | 0(0.00%) |   0(0.00%) |
|           ama_riscv_pht_i                                | ama_riscv_pht__parameterized1 |    734(1.16%) |    734(1.16%) |   0(0.00%) | 0(0.00%) |  384(0.30%) |   0(0.00%) | 0(0.00%) |   0(0.00%) |
|         gen_bp_dyn.gen_bp_dyn_comb.ama_riscv_bp_c2_i     |                  ama_riscv_bp |    388(0.61%) |    388(0.61%) |   0(0.00%) | 0(0.00%) |  264(0.21%) |   0(0.00%) | 0(0.00%) |   0(0.00%) |
|           (gen_bp_dyn.gen_bp_dyn_comb.ama_riscv_bp_c2_i) |                  ama_riscv_bp |      0(0.00%) |      0(0.00%) |   0(0.00%) | 0(0.00%) |    8(0.01%) |   0(0.00%) | 0(0.00%) |   0(0.00%) |
|           ama_riscv_pht_i                                |                 ama_riscv_pht |    388(0.61%) |    388(0.61%) |   0(0.00%) | 0(0.00%) |  256(0.20%) |   0(0.00%) | 0(0.00%) |   0(0.00%) |
|         gen_bp_dyn.gen_bp_dyn_comb.ama_riscv_bp_i        |  ama_riscv_bp__parameterized0 |    219(0.35%) |    219(0.35%) |   0(0.00%) | 0(0.00%) |  258(0.20%) |   0(0.00%) | 0(0.00%) |   0(0.00%) |
|           (gen_bp_dyn.gen_bp_dyn_comb.ama_riscv_bp_i)    |  ama_riscv_bp__parameterized0 |      8(0.01%) |      8(0.01%) |   0(0.00%) | 0(0.00%) |    2(0.01%) |   0(0.00%) | 0(0.00%) |   0(0.00%) |
|           ama_riscv_pht_i                                | ama_riscv_pht__parameterized0 |    211(0.33%) |    211(0.33%) |   0(0.00%) | 0(0.00%) |  256(0.20%) |   0(0.00%) | 0(0.00%) |   0(0.00%) |
|       ama_riscv_dcache_i                                 |              ama_riscv_dcache |   1776(2.80%) |   1776(2.80%) |   0(0.00%) | 0(0.00%) |  789(0.62%) |   8(5.93%) | 0(0.00%) |   0(0.00%) |
|         (ama_riscv_dcache_i)                             |              ama_riscv_dcache |   1776(2.80%) |   1776(2.80%) |   0(0.00%) | 0(0.00%) |  789(0.62%) |   0(0.00%) | 0(0.00%) |   0(0.00%) |
|         gen_bank[0].bank_i                               |        mem__parameterized0__1 |      0(0.00%) |      0(0.00%) |   0(0.00%) | 0(0.00%) |    0(0.00%) |   2(1.48%) | 0(0.00%) |   0(0.00%) |
|         gen_bank[1].bank_i                               |        mem__parameterized0__2 |      0(0.00%) |      0(0.00%) |   0(0.00%) | 0(0.00%) |    0(0.00%) |   2(1.48%) | 0(0.00%) |   0(0.00%) |
|         gen_bank[2].bank_i                               |        mem__parameterized0__3 |      0(0.00%) |      0(0.00%) |   0(0.00%) | 0(0.00%) |    0(0.00%) |   2(1.48%) | 0(0.00%) |   0(0.00%) |
|         gen_bank[3].bank_i                               |           mem__parameterized0 |      0(0.00%) |      0(0.00%) |   0(0.00%) | 0(0.00%) |    0(0.00%) |   2(1.48%) | 0(0.00%) |   0(0.00%) |
|       ama_riscv_icache_i                                 |              ama_riscv_icache |    467(0.74%) |    467(0.74%) |   0(0.00%) | 0(0.00%) |  540(0.43%) |   4(2.96%) | 0(0.00%) |   0(0.00%) |
|         (ama_riscv_icache_i)                             |              ama_riscv_icache |    467(0.74%) |    467(0.74%) |   0(0.00%) | 0(0.00%) |  540(0.43%) |   0(0.00%) | 0(0.00%) |   0(0.00%) |
|         gen_bank[0].bank_i                               |                        mem__1 |      0(0.00%) |      0(0.00%) |   0(0.00%) | 0(0.00%) |    0(0.00%) |   2(1.48%) | 0(0.00%) |   0(0.00%) |
|         gen_bank[1].bank_i                               |                           mem |      0(0.00%) |      0(0.00%) |   0(0.00%) | 0(0.00%) |    0(0.00%) |   2(1.48%) | 0(0.00%) |   0(0.00%) |
|     ama_riscv_mem_i                                      |                 ama_riscv_mem |     27(0.04%) |     27(0.04%) |   0(0.00%) | 0(0.00%) |    2(0.01%) | 32(23.70%) | 0(0.00%) |   0(0.00%) |
|       (ama_riscv_mem_i)                                  |                 ama_riscv_mem |      9(0.01%) |      9(0.01%) |   0(0.00%) | 0(0.00%) |    2(0.01%) |   0(0.00%) | 0(0.00%) |   0(0.00%) |
|       u_mem                                              |             xpm_memory_tdpram |     20(0.03%) |     20(0.03%) |   0(0.00%) | 0(0.00%) |    0(0.00%) | 32(23.70%) | 0(0.00%) |   0(0.00%) |
|         xpm_memory_base_inst                             |               xpm_memory_base |     20(0.03%) |     20(0.03%) |   0(0.00%) | 0(0.00%) |    0(0.00%) | 32(23.70%) | 0(0.00%) |   0(0.00%) |
|     ama_riscv_uart_i                                     |                ama_riscv_uart |     75(0.12%) |     75(0.12%) |   0(0.00%) | 0(0.00%) |   92(0.07%) |   0(0.00%) | 0(0.00%) |   0(0.00%) |
|       (ama_riscv_uart_i)                                 |                ama_riscv_uart |     21(0.03%) |     21(0.03%) |   0(0.00%) | 0(0.00%) |   44(0.03%) |   0(0.00%) | 0(0.00%) |   0(0.00%) |
|       uart_i                                             |                          uart |     54(0.09%) |     54(0.09%) |   0(0.00%) | 0(0.00%) |   48(0.04%) |   0(0.00%) | 0(0.00%) |   0(0.00%) |
|         (uart_i)                                         |                          uart |      0(0.00%) |      0(0.00%) |   0(0.00%) | 0(0.00%) |    2(0.01%) |   0(0.00%) | 0(0.00%) |   0(0.00%) |
|         uart_rx_i                                        |                       uart_rx |     23(0.04%) |     23(0.04%) |   0(0.00%) | 0(0.00%) |   23(0.02%) |   0(0.00%) | 0(0.00%) |   0(0.00%) |
|         uart_tx_i                                        |                       uart_tx |     31(0.05%) |     31(0.05%) |   0(0.00%) | 0(0.00%) |   23(0.02%) |   0(0.00%) | 0(0.00%) |   0(0.00%) |
+----------------------------------------------------------+-------------------------------+---------------+---------------+------------+----------+-------------+------------+----------+------------+
* Note: The sum of lower-level cells may be larger than their parent cells total, due to cross-hierarchy LUT combining
