Copyright 1986-2022 Xilinx, Inc. All Rights Reserved. Copyright 2022-2023 Advanced Micro Devices, Inc. All Rights Reserved.
-----------------------------------------------------------------------------------------------------------------------------------------------------------------------------
| Tool Version : Vivado v.2023.2 (lin64) Build 4029153 Fri Oct 13 20:13:54 MDT 2023
| Date         : <date>
| Host         : <host>
| Command      : report_utilization -hierarchical -hierarchical_percentages -file <rundir>/util_routed.hier.rpt
| Design       : ama_riscv_fpga
| Device       : xc7a100tcsg324-1
| Speed File   : -1
| Design State : Physopt postRoute
-----------------------------------------------------------------------------------------------------------------------------------------------------------------------------

Utilization Design Information

Table of Contents
-----------------
1. Utilization by Hierarchy

1. Utilization by Hierarchy
---------------------------

+----------------------------------------------------------+-----------------------------------------------+---------------+---------------+------------+----------+-------------+------------+----------+------------+
|                         Instance                         |                     Module                    |   Total LUTs  |   Logic LUTs  |   LUTRAMs  |   SRLs   |     FFs     |   RAMB36   |  RAMB18  | DSP Blocks |
+----------------------------------------------------------+-----------------------------------------------+---------------+---------------+------------+----------+-------------+------------+----------+------------+
| ama_riscv_fpga                                           |                                         (top) | 12756(20.12%) | 12624(19.91%) | 132(0.69%) | 0(0.00%) | 5013(3.95%) | 44(32.59%) | 0(0.00%) |   0(0.00%) |
|   (ama_riscv_fpga)                                       |                                         (top) |      7(0.01%) |      7(0.01%) |   0(0.00%) | 0(0.00%) |   28(0.02%) |   0(0.00%) | 0(0.00%) |   0(0.00%) |
|   ama_riscv_top_i                                        |                                 ama_riscv_top | 12748(20.11%) | 12616(19.90%) | 132(0.69%) | 0(0.00%) | 4985(3.93%) | 44(32.59%) | 0(0.00%) |   0(0.00%) |
|     ama_riscv_core_top_i                                 |                            ama_riscv_core_top | 12646(19.95%) | 12514(19.74%) | 132(0.69%) | 0(0.00%) | 4891(3.86%) |  12(8.89%) | 0(0.00%) |   0(0.00%) |
|       ama_riscv_core_i                                   |                                ama_riscv_core | 10380(16.37%) | 10248(16.16%) | 132(0.69%) | 0(0.00%) | 3558(2.81%) |   0(0.00%) | 0(0.00%) |   0(0.00%) |
|         (ama_riscv_core_i)                               |                                ama_riscv_core |    978(1.54%) |    978(1.54%) |   0(0.00%) | 0(0.00%) |  812(0.64%) |   0(0.00%) | 0(0.00%) |   0(0.00%) |
|         ama_riscv_alu_i                                  |                                 ama_riscv_alu |    391(0.62%) |    391(0.62%) |   0(0.00%) | 0(0.00%) |    0(0.00%) |   0(0.00%) | 0(0.00%) |   0(0.00%) |
|           (ama_riscv_alu_i)                              |                                 ama_riscv_alu |    358(0.56%) |    358(0.56%) |   0(0.00%) | 0(0.00%) |    0(0.00%) |   0(0.00%) | 0(0.00%) |   0(0.00%) |
|           add_i                                          |                        add__parameterized0__1 |     32(0.05%) |     32(0.05%) |   0(0.00%) | 0(0.00%) |    0(0.00%) |   0(0.00%) | 0(0.00%) |   0(0.00%) |
|           cmp_i                                          |                                   cmp_s_lt__1 |      1(0.01%) |      1(0.01%) |   0(0.00%) | 0(0.00%) |    0(0.00%) |   0(0.00%) | 0(0.00%) |   0(0.00%) |
|         ama_riscv_csr_i                                  |                                 ama_riscv_csr |   1059(1.67%) |   1059(1.67%) |   0(0.00%) | 0(0.00%) |  742(0.59%) |   0(0.00%) | 0(0.00%) |   0(0.00%) |
|         ama_riscv_decoder_i                              |                             ama_riscv_decoder |     86(0.14%) |     86(0.14%) |   0(0.00%) | 0(0.00%) |    0(0.00%) |   0(0.00%) | 0(0.00%) |   0(0.00%) |
|         ama_riscv_div_i                                  |                                 ama_riscv_div |   1062(1.68%) |   1062(1.68%) |   0(0.00%) | 0(0.00%) |  437(0.34%) |   0(0.00%) | 0(0.00%) |   0(0.00%) |
|           (ama_riscv_div_i)                              |                                 ama_riscv_div |    985(1.55%) |    985(1.55%) |   0(0.00%) | 0(0.00%) |  437(0.34%) |   0(0.00%) | 0(0.00%) |   0(0.00%) |
|           lzc_dividend_i                                 |                                        lzc__1 |     23(0.04%) |     23(0.04%) |   0(0.00%) | 0(0.00%) |    0(0.00%) |   0(0.00%) | 0(0.00%) |   0(0.00%) |
|           lzc_divisor_i                                  |                                           lzc |     23(0.04%) |     23(0.04%) |   0(0.00%) | 0(0.00%) |    0(0.00%) |   0(0.00%) | 0(0.00%) |   0(0.00%) |
|           rem_sub_i                                      |                           add__parameterized2 |     33(0.05%) |     33(0.05%) |   0(0.00%) | 0(0.00%) |    0(0.00%) |   0(0.00%) | 0(0.00%) |   0(0.00%) |
|         ama_riscv_fe_ctrl_i                              |                             ama_riscv_fe_ctrl |    151(0.24%) |    151(0.24%) |   0(0.00%) | 0(0.00%) |  110(0.09%) |   0(0.00%) | 0(0.00%) |   0(0.00%) |
|         ama_riscv_imm_gen_i                              |                             ama_riscv_imm_gen |     28(0.04%) |     28(0.04%) |   0(0.00%) | 0(0.00%) |    0(0.00%) |   0(0.00%) | 0(0.00%) |   0(0.00%) |
|         ama_riscv_operand_forwarding_i                   |                  ama_riscv_operand_forwarding |     81(0.13%) |     81(0.13%) |   0(0.00%) | 0(0.00%) |    0(0.00%) |   0(0.00%) | 0(0.00%) |   0(0.00%) |
|         ama_riscv_reg_file_i                             |                            ama_riscv_reg_file |    270(0.43%) |    138(0.22%) | 132(0.69%) | 0(0.00%) |    0(0.00%) |   0(0.00%) | 0(0.00%) |   0(0.00%) |
|         dmem_agu_exe_i                                   |                        add__parameterized0__5 |     31(0.05%) |     31(0.05%) |   0(0.00%) | 0(0.00%) |    0(0.00%) |   0(0.00%) | 0(0.00%) |   0(0.00%) |
|         gen_bp_dyn.ama_riscv_bp_c1_i                     |                  ama_riscv_bp__parameterized1 |    735(1.16%) |    735(1.16%) |   0(0.00%) | 0(0.00%) |  384(0.30%) |   0(0.00%) | 0(0.00%) |   0(0.00%) |
|           (gen_bp_dyn.ama_riscv_bp_c1_i)                 |                  ama_riscv_bp__parameterized1 |      3(0.01%) |      3(0.01%) |   0(0.00%) | 0(0.00%) |    0(0.00%) |   0(0.00%) | 0(0.00%) |   0(0.00%) |
|           ama_riscv_pht_i                                |                 ama_riscv_pht__parameterized1 |    732(1.15%) |    732(1.15%) |   0(0.00%) | 0(0.00%) |  384(0.30%) |   0(0.00%) | 0(0.00%) |   0(0.00%) |
|         gen_bp_dyn.gen_bp_dyn_comb.ama_riscv_bp_c2_i     |                                  ama_riscv_bp |    388(0.61%) |    388(0.61%) |   0(0.00%) | 0(0.00%) |  264(0.21%) |   0(0.00%) | 0(0.00%) |   0(0.00%) |
|           (gen_bp_dyn.gen_bp_dyn_comb.ama_riscv_bp_c2_i) |                                  ama_riscv_bp |      0(0.00%) |      0(0.00%) |   0(0.00%) | 0(0.00%) |    8(0.01%) |   0(0.00%) | 0(0.00%) |   0(0.00%) |
|           ama_riscv_pht_i                                |                                 ama_riscv_pht |    388(0.61%) |    388(0.61%) |   0(0.00%) | 0(0.00%) |  256(0.20%) |   0(0.00%) | 0(0.00%) |   0(0.00%) |
|         gen_bp_dyn.gen_bp_dyn_comb.ama_riscv_bp_i        |                  ama_riscv_bp__parameterized0 |    217(0.34%) |    217(0.34%) |   0(0.00%) | 0(0.00%) |  258(0.20%) |   0(0.00%) | 0(0.00%) |   0(0.00%) |
|           (gen_bp_dyn.gen_bp_dyn_comb.ama_riscv_bp_i)    |                  ama_riscv_bp__parameterized0 |      8(0.01%) |      8(0.01%) |   0(0.00%) | 0(0.00%) |    2(0.01%) |   0(0.00%) | 0(0.00%) |   0(0.00%) |
|           ama_riscv_pht_i                                |                 ama_riscv_pht__parameterized0 |    209(0.33%) |    209(0.33%) |   0(0.00%) | 0(0.00%) |  256(0.20%) |   0(0.00%) | 0(0.00%) |   0(0.00%) |
|         gen_data_fmt.ama_riscv_simd_data_fmt_i           |                       ama_riscv_simd_data_fmt |    560(0.88%) |    560(0.88%) |   0(0.00%) | 0(0.00%) |    0(0.00%) |   0(0.00%) | 0(0.00%) |   0(0.00%) |
|           (gen_data_fmt.ama_riscv_simd_data_fmt_i)       |                       ama_riscv_simd_data_fmt |    401(0.63%) |    401(0.63%) |   0(0.00%) | 0(0.00%) |    0(0.00%) |   0(0.00%) | 0(0.00%) |   0(0.00%) |
|           ama_riscv_simd_sat_clamp_i                     |                      ama_riscv_simd_sat_clamp |    160(0.25%) |    160(0.25%) |   0(0.00%) | 0(0.00%) |    0(0.00%) |   0(0.00%) | 0(0.00%) |   0(0.00%) |
|             (ama_riscv_simd_sat_clamp_i)                 |                      ama_riscv_simd_sat_clamp |     32(0.05%) |     32(0.05%) |   0(0.00%) | 0(0.00%) |    0(0.00%) |   0(0.00%) | 0(0.00%) |   0(0.00%) |
|             gen_SC16[0].sc_i                             |                  sat_clamp__parameterized0__1 |      8(0.01%) |      8(0.01%) |   0(0.00%) | 0(0.00%) |    0(0.00%) |   0(0.00%) | 0(0.00%) |   0(0.00%) |
|             gen_SC16[1].sc_i                             |                  sat_clamp__parameterized0__2 |      9(0.01%) |      9(0.01%) |   0(0.00%) | 0(0.00%) |    0(0.00%) |   0(0.00%) | 0(0.00%) |   0(0.00%) |
|             gen_SC16[2].sc_i                             |                  sat_clamp__parameterized0__3 |      7(0.01%) |      7(0.01%) |   0(0.00%) | 0(0.00%) |    0(0.00%) |   0(0.00%) | 0(0.00%) |   0(0.00%) |
|             gen_SC16[3].sc_i                             |                     sat_clamp__parameterized0 |      8(0.01%) |      8(0.01%) |   0(0.00%) | 0(0.00%) |    0(0.00%) |   0(0.00%) | 0(0.00%) |   0(0.00%) |
|             gen_SC32[0].sc_i                             |                                  sat_clamp__1 |     25(0.04%) |     25(0.04%) |   0(0.00%) | 0(0.00%) |    0(0.00%) |   0(0.00%) | 0(0.00%) |   0(0.00%) |
|             gen_SC32[1].sc_i                             |                                     sat_clamp |     25(0.04%) |     25(0.04%) |   0(0.00%) | 0(0.00%) |    0(0.00%) |   0(0.00%) | 0(0.00%) |   0(0.00%) |
|             gen_SC4[0].sc_i                              |                  sat_clamp__parameterized2__1 |      1(0.01%) |      1(0.01%) |   0(0.00%) | 0(0.00%) |    0(0.00%) |   0(0.00%) | 0(0.00%) |   0(0.00%) |
|             gen_SC4[10].sc_i                             |                 sat_clamp__parameterized2__11 |      1(0.01%) |      1(0.01%) |   0(0.00%) | 0(0.00%) |    0(0.00%) |   0(0.00%) | 0(0.00%) |   0(0.00%) |
|             gen_SC4[11].sc_i                             |                 sat_clamp__parameterized2__12 |      2(0.01%) |      2(0.01%) |   0(0.00%) | 0(0.00%) |    0(0.00%) |   0(0.00%) | 0(0.00%) |   0(0.00%) |
|             gen_SC4[12].sc_i                             |                 sat_clamp__parameterized2__13 |      2(0.01%) |      2(0.01%) |   0(0.00%) | 0(0.00%) |    0(0.00%) |   0(0.00%) | 0(0.00%) |   0(0.00%) |
|             gen_SC4[13].sc_i                             |                 sat_clamp__parameterized2__14 |      2(0.01%) |      2(0.01%) |   0(0.00%) | 0(0.00%) |    0(0.00%) |   0(0.00%) | 0(0.00%) |   0(0.00%) |
|             gen_SC4[14].sc_i                             |                 sat_clamp__parameterized2__15 |      2(0.01%) |      2(0.01%) |   0(0.00%) | 0(0.00%) |    0(0.00%) |   0(0.00%) | 0(0.00%) |   0(0.00%) |
|             gen_SC4[15].sc_i                             |                     sat_clamp__parameterized2 |      2(0.01%) |      2(0.01%) |   0(0.00%) | 0(0.00%) |    0(0.00%) |   0(0.00%) | 0(0.00%) |   0(0.00%) |
|             gen_SC4[1].sc_i                              |                  sat_clamp__parameterized2__2 |      1(0.01%) |      1(0.01%) |   0(0.00%) | 0(0.00%) |    0(0.00%) |   0(0.00%) | 0(0.00%) |   0(0.00%) |
|             gen_SC4[2].sc_i                              |                  sat_clamp__parameterized2__3 |      1(0.01%) |      1(0.01%) |   0(0.00%) | 0(0.00%) |    0(0.00%) |   0(0.00%) | 0(0.00%) |   0(0.00%) |
|             gen_SC4[3].sc_i                              |                  sat_clamp__parameterized2__4 |      1(0.01%) |      1(0.01%) |   0(0.00%) | 0(0.00%) |    0(0.00%) |   0(0.00%) | 0(0.00%) |   0(0.00%) |
|             gen_SC4[4].sc_i                              |                  sat_clamp__parameterized2__5 |      2(0.01%) |      2(0.01%) |   0(0.00%) | 0(0.00%) |    0(0.00%) |   0(0.00%) | 0(0.00%) |   0(0.00%) |
|             gen_SC4[5].sc_i                              |                  sat_clamp__parameterized2__6 |      2(0.01%) |      2(0.01%) |   0(0.00%) | 0(0.00%) |    0(0.00%) |   0(0.00%) | 0(0.00%) |   0(0.00%) |
|             gen_SC4[6].sc_i                              |                  sat_clamp__parameterized2__7 |      2(0.01%) |      2(0.01%) |   0(0.00%) | 0(0.00%) |    0(0.00%) |   0(0.00%) | 0(0.00%) |   0(0.00%) |
|             gen_SC4[7].sc_i                              |                  sat_clamp__parameterized2__8 |      2(0.01%) |      2(0.01%) |   0(0.00%) | 0(0.00%) |    0(0.00%) |   0(0.00%) | 0(0.00%) |   0(0.00%) |
|             gen_SC4[8].sc_i                              |                  sat_clamp__parameterized2__9 |      1(0.01%) |      1(0.01%) |   0(0.00%) | 0(0.00%) |    0(0.00%) |   0(0.00%) | 0(0.00%) |   0(0.00%) |
|             gen_SC4[9].sc_i                              |                 sat_clamp__parameterized2__10 |      1(0.01%) |      1(0.01%) |   0(0.00%) | 0(0.00%) |    0(0.00%) |   0(0.00%) | 0(0.00%) |   0(0.00%) |
|             gen_SC8[0].sc_i                              |                  sat_clamp__parameterized1__1 |      4(0.01%) |      4(0.01%) |   0(0.00%) | 0(0.00%) |    0(0.00%) |   0(0.00%) | 0(0.00%) |   0(0.00%) |
|             gen_SC8[1].sc_i                              |                  sat_clamp__parameterized1__2 |      4(0.01%) |      4(0.01%) |   0(0.00%) | 0(0.00%) |    0(0.00%) |   0(0.00%) | 0(0.00%) |   0(0.00%) |
|             gen_SC8[2].sc_i                              |                  sat_clamp__parameterized1__3 |      4(0.01%) |      4(0.01%) |   0(0.00%) | 0(0.00%) |    0(0.00%) |   0(0.00%) | 0(0.00%) |   0(0.00%) |
|             gen_SC8[3].sc_i                              |                  sat_clamp__parameterized1__4 |      4(0.01%) |      4(0.01%) |   0(0.00%) | 0(0.00%) |    0(0.00%) |   0(0.00%) | 0(0.00%) |   0(0.00%) |
|             gen_SC8[4].sc_i                              |                  sat_clamp__parameterized1__5 |      4(0.01%) |      4(0.01%) |   0(0.00%) | 0(0.00%) |    0(0.00%) |   0(0.00%) | 0(0.00%) |   0(0.00%) |
|             gen_SC8[5].sc_i                              |                  sat_clamp__parameterized1__6 |      4(0.01%) |      4(0.01%) |   0(0.00%) | 0(0.00%) |    0(0.00%) |   0(0.00%) | 0(0.00%) |   0(0.00%) |
|             gen_SC8[6].sc_i                              |                  sat_clamp__parameterized1__7 |      4(0.01%) |      4(0.01%) |   0(0.00%) | 0(0.00%) |    0(0.00%) |   0(0.00%) | 0(0.00%) |   0(0.00%) |
|             gen_SC8[7].sc_i                              |                     sat_clamp__parameterized1 |      4(0.01%) |      4(0.01%) |   0(0.00%) | 0(0.00%) |    0(0.00%) |   0(0.00%) | 0(0.00%) |   0(0.00%) |
|         gen_data_fmt.ama_riscv_simd_shift_i              |                          ama_riscv_simd_shift |    308(0.49%) |    308(0.49%) |   0(0.00%) | 0(0.00%) |    0(0.00%) |   0(0.00%) | 0(0.00%) |   0(0.00%) |
|           (gen_data_fmt.ama_riscv_simd_shift_i)          |                          ama_riscv_simd_shift |      2(0.01%) |      2(0.01%) |   0(0.00%) | 0(0.00%) |    0(0.00%) |   0(0.00%) | 0(0.00%) |   0(0.00%) |
|           shifter_left                                   |              barrel_shift_seg__parameterized0 |    117(0.18%) |    117(0.18%) |   0(0.00%) | 0(0.00%) |    0(0.00%) |   0(0.00%) | 0(0.00%) |   0(0.00%) |
|           shifter_rev                                    |                              barrel_shift_seg |    189(0.30%) |    189(0.30%) |   0(0.00%) | 0(0.00%) |    0(0.00%) |   0(0.00%) | 0(0.00%) |   0(0.00%) |
|         gen_mult_simd.ama_riscv_simd_i                   |                                ama_riscv_simd |   4020(6.34%) |   4020(6.34%) |   0(0.00%) | 0(0.00%) |  551(0.43%) |   0(0.00%) | 0(0.00%) |   0(0.00%) |
|           (gen_mult_simd.ama_riscv_simd_i)               |                                ama_riscv_simd |    194(0.31%) |    194(0.31%) |   0(0.00%) | 0(0.00%) |  551(0.43%) |   0(0.00%) | 0(0.00%) |   0(0.00%) |
|           add_mul_hsu_i                                  |                           add__parameterized1 |     60(0.09%) |     60(0.09%) |   0(0.00%) | 0(0.00%) |    0(0.00%) |   0(0.00%) | 0(0.00%) |   0(0.00%) |
|           add_tree_sum_i                                 |                        add__parameterized1__1 |     61(0.10%) |     61(0.10%) |   0(0.00%) | 0(0.00%) |    0(0.00%) |   0(0.00%) | 0(0.00%) |   0(0.00%) |
|           csa_mul_hsu_i                                  |                           csa__parameterized1 |     61(0.10%) |     61(0.10%) |   0(0.00%) | 0(0.00%) |    0(0.00%) |   0(0.00%) | 0(0.00%) |   0(0.00%) |
|           csa_sum_mbw_i                                  |                        csa__parameterized1__9 |     62(0.10%) |     62(0.10%) |   0(0.00%) | 0(0.00%) |    0(0.00%) |   0(0.00%) | 0(0.00%) |   0(0.00%) |
|           csa_tree_8_f_i                                 |                    csa_tree_8__parameterized0 |    316(0.50%) |    316(0.50%) |   0(0.00%) | 0(0.00%) |    0(0.00%) |   0(0.00%) | 0(0.00%) |   0(0.00%) |
|             gen_tree_4.csa_tree_4_bot_i                  |                                    csa_tree_4 |    112(0.18%) |    112(0.18%) |   0(0.00%) | 0(0.00%) |    0(0.00%) |   0(0.00%) | 0(0.00%) |   0(0.00%) |
|               csa_i_l0_0                                 |                        csa__parameterized1__1 |     49(0.08%) |     49(0.08%) |   0(0.00%) | 0(0.00%) |    0(0.00%) |   0(0.00%) | 0(0.00%) |   0(0.00%) |
|               csa_i_l1_0                                 |                        csa__parameterized1__2 |     63(0.10%) |     63(0.10%) |   0(0.00%) | 0(0.00%) |    0(0.00%) |   0(0.00%) | 0(0.00%) |   0(0.00%) |
|             gen_tree_4.csa_tree_4_top_l_i                |                                 csa_tree_4__1 |    118(0.19%) |    118(0.19%) |   0(0.00%) | 0(0.00%) |    0(0.00%) |   0(0.00%) | 0(0.00%) |   0(0.00%) |
|               csa_i_l0_0                                 |                       csa__parameterized1__11 |     56(0.09%) |     56(0.09%) |   0(0.00%) | 0(0.00%) |    0(0.00%) |   0(0.00%) | 0(0.00%) |   0(0.00%) |
|               csa_i_l1_0                                 |                       csa__parameterized1__10 |     62(0.10%) |     62(0.10%) |   0(0.00%) | 0(0.00%) |    0(0.00%) |   0(0.00%) | 0(0.00%) |   0(0.00%) |
|             gen_tree_4.csa_tree_4_top_r_i                |                                 csa_tree_4__2 |     86(0.14%) |     86(0.14%) |   0(0.00%) | 0(0.00%) |    0(0.00%) |   0(0.00%) | 0(0.00%) |   0(0.00%) |
|               csa_i_l0_0                                 |                       csa__parameterized1__13 |     40(0.06%) |     40(0.06%) |   0(0.00%) | 0(0.00%) |    0(0.00%) |   0(0.00%) | 0(0.00%) |   0(0.00%) |
|               csa_i_l1_0                                 |                       csa__parameterized1__12 |     46(0.07%) |     46(0.07%) |   0(0.00%) | 0(0.00%) |    0(0.00%) |   0(0.00%) | 0(0.00%) |   0(0.00%) |
|           csa_tree_8_i0                                  |                                 csa_tree_8__1 |    253(0.40%) |    253(0.40%) |   0(0.00%) | 0(0.00%) |    0(0.00%) |   0(0.00%) | 0(0.00%) |   0(0.00%) |
|             gen_comp.csa_i_l0_0                          |                       csa__parameterized1__19 |     33(0.05%) |     33(0.05%) |   0(0.00%) | 0(0.00%) |    0(0.00%) |   0(0.00%) | 0(0.00%) |   0(0.00%) |
|             gen_comp.csa_i_l0_1                          |                       csa__parameterized1__18 |     35(0.06%) |     35(0.06%) |   0(0.00%) | 0(0.00%) |    0(0.00%) |   0(0.00%) | 0(0.00%) |   0(0.00%) |
|             gen_comp.csa_i_l1_0                          |                       csa__parameterized1__17 |     34(0.05%) |     34(0.05%) |   0(0.00%) | 0(0.00%) |    0(0.00%) |   0(0.00%) | 0(0.00%) |   0(0.00%) |
|             gen_comp.csa_i_l1_1                          |                       csa__parameterized1__16 |     37(0.06%) |     37(0.06%) |   0(0.00%) | 0(0.00%) |    0(0.00%) |   0(0.00%) | 0(0.00%) |   0(0.00%) |
|             gen_comp.csa_i_l2_0                          |                       csa__parameterized1__15 |     38(0.06%) |     38(0.06%) |   0(0.00%) | 0(0.00%) |    0(0.00%) |   0(0.00%) | 0(0.00%) |   0(0.00%) |
|             gen_comp.csa_i_l3_0                          |                       csa__parameterized1__14 |     76(0.12%) |     76(0.12%) |   0(0.00%) | 0(0.00%) |    0(0.00%) |   0(0.00%) | 0(0.00%) |   0(0.00%) |
|           csa_tree_8_i1                                  |                                 csa_tree_8__2 |    309(0.49%) |    309(0.49%) |   0(0.00%) | 0(0.00%) |    0(0.00%) |   0(0.00%) | 0(0.00%) |   0(0.00%) |
|             gen_comp.csa_i_l0_0                          |                       csa__parameterized1__25 |     41(0.06%) |     41(0.06%) |   0(0.00%) | 0(0.00%) |    0(0.00%) |   0(0.00%) | 0(0.00%) |   0(0.00%) |
|             gen_comp.csa_i_l0_1                          |                       csa__parameterized1__24 |     43(0.07%) |     43(0.07%) |   0(0.00%) | 0(0.00%) |    0(0.00%) |   0(0.00%) | 0(0.00%) |   0(0.00%) |
|             gen_comp.csa_i_l1_0                          |                       csa__parameterized1__23 |     42(0.07%) |     42(0.07%) |   0(0.00%) | 0(0.00%) |    0(0.00%) |   0(0.00%) | 0(0.00%) |   0(0.00%) |
|             gen_comp.csa_i_l1_1                          |                       csa__parameterized1__22 |     45(0.07%) |     45(0.07%) |   0(0.00%) | 0(0.00%) |    0(0.00%) |   0(0.00%) | 0(0.00%) |   0(0.00%) |
|             gen_comp.csa_i_l2_0                          |                       csa__parameterized1__21 |     46(0.07%) |     46(0.07%) |   0(0.00%) | 0(0.00%) |    0(0.00%) |   0(0.00%) | 0(0.00%) |   0(0.00%) |
|             gen_comp.csa_i_l3_0                          |                       csa__parameterized1__20 |     92(0.15%) |     92(0.15%) |   0(0.00%) | 0(0.00%) |    0(0.00%) |   0(0.00%) | 0(0.00%) |   0(0.00%) |
|           csa_tree_8_i2                                  |                                 csa_tree_8__3 |    365(0.58%) |    365(0.58%) |   0(0.00%) | 0(0.00%) |    0(0.00%) |   0(0.00%) | 0(0.00%) |   0(0.00%) |
|             gen_comp.csa_i_l0_0                          |                       csa__parameterized1__31 |     49(0.08%) |     49(0.08%) |   0(0.00%) | 0(0.00%) |    0(0.00%) |   0(0.00%) | 0(0.00%) |   0(0.00%) |
|             gen_comp.csa_i_l0_1                          |                       csa__parameterized1__30 |     51(0.08%) |     51(0.08%) |   0(0.00%) | 0(0.00%) |    0(0.00%) |   0(0.00%) | 0(0.00%) |   0(0.00%) |
|             gen_comp.csa_i_l1_0                          |                       csa__parameterized1__29 |     50(0.08%) |     50(0.08%) |   0(0.00%) | 0(0.00%) |    0(0.00%) |   0(0.00%) | 0(0.00%) |   0(0.00%) |
|             gen_comp.csa_i_l1_1                          |                       csa__parameterized1__28 |     53(0.08%) |     53(0.08%) |   0(0.00%) | 0(0.00%) |    0(0.00%) |   0(0.00%) | 0(0.00%) |   0(0.00%) |
|             gen_comp.csa_i_l2_0                          |                       csa__parameterized1__27 |     54(0.09%) |     54(0.09%) |   0(0.00%) | 0(0.00%) |    0(0.00%) |   0(0.00%) | 0(0.00%) |   0(0.00%) |
|             gen_comp.csa_i_l3_0                          |                       csa__parameterized1__26 |    108(0.17%) |    108(0.17%) |   0(0.00%) | 0(0.00%) |    0(0.00%) |   0(0.00%) | 0(0.00%) |   0(0.00%) |
|           csa_tree_8_i3                                  |                                    csa_tree_8 |    421(0.66%) |    421(0.66%) |   0(0.00%) | 0(0.00%) |    0(0.00%) |   0(0.00%) | 0(0.00%) |   0(0.00%) |
|             gen_comp.csa_i_l0_0                          |                        csa__parameterized1__3 |     57(0.09%) |     57(0.09%) |   0(0.00%) | 0(0.00%) |    0(0.00%) |   0(0.00%) | 0(0.00%) |   0(0.00%) |
|             gen_comp.csa_i_l0_1                          |                        csa__parameterized1__4 |     59(0.09%) |     59(0.09%) |   0(0.00%) | 0(0.00%) |    0(0.00%) |   0(0.00%) | 0(0.00%) |   0(0.00%) |
|             gen_comp.csa_i_l1_0                          |                        csa__parameterized1__5 |     58(0.09%) |     58(0.09%) |   0(0.00%) | 0(0.00%) |    0(0.00%) |   0(0.00%) | 0(0.00%) |   0(0.00%) |
|             gen_comp.csa_i_l1_1                          |                        csa__parameterized1__6 |     61(0.10%) |     61(0.10%) |   0(0.00%) | 0(0.00%) |    0(0.00%) |   0(0.00%) | 0(0.00%) |   0(0.00%) |
|             gen_comp.csa_i_l2_0                          |                        csa__parameterized1__7 |     62(0.10%) |     62(0.10%) |   0(0.00%) | 0(0.00%) |    0(0.00%) |   0(0.00%) | 0(0.00%) |   0(0.00%) |
|             gen_comp.csa_i_l3_0                          |                        csa__parameterized1__8 |    124(0.20%) |    124(0.20%) |   0(0.00%) | 0(0.00%) |    0(0.00%) |   0(0.00%) | 0(0.00%) |   0(0.00%) |
|           gen_backend_simd.add_dot_out_i                 |                           add__parameterized0 |     31(0.05%) |     31(0.05%) |   0(0.00%) | 0(0.00%) |    0(0.00%) |   0(0.00%) | 0(0.00%) |   0(0.00%) |
|           gen_backend_simd.gen_lane_b[0].lane_b_i        |                 ama_riscv_simd_lane_wrapup__1 |    104(0.16%) |    104(0.16%) |   0(0.00%) | 0(0.00%) |    0(0.00%) |   0(0.00%) | 0(0.00%) |   0(0.00%) |
|             (gen_backend_simd.gen_lane_b[0].lane_b_i)    |                 ama_riscv_simd_lane_wrapup__1 |     66(0.10%) |     66(0.10%) |   0(0.00%) | 0(0.00%) |    0(0.00%) |   0(0.00%) | 0(0.00%) |   0(0.00%) |
|             add_i                                        |                                        add__1 |     16(0.03%) |     16(0.03%) |   0(0.00%) | 0(0.00%) |    0(0.00%) |   0(0.00%) | 0(0.00%) |   0(0.00%) |
|             cmp_i                                        |                                   cmp_s_lt__4 |      1(0.01%) |      1(0.01%) |   0(0.00%) | 0(0.00%) |    0(0.00%) |   0(0.00%) | 0(0.00%) |   0(0.00%) |
|             csa_i                                        |                                        csa__1 |     14(0.02%) |     14(0.02%) |   0(0.00%) | 0(0.00%) |    0(0.00%) |   0(0.00%) | 0(0.00%) |   0(0.00%) |
|             qs_i                                         |                              sat_s_add_sub__1 |      6(0.01%) |      6(0.01%) |   0(0.00%) | 0(0.00%) |    0(0.00%) |   0(0.00%) | 0(0.00%) |   0(0.00%) |
|             qu_i                                         |                              sat_u_add_sub__1 |      6(0.01%) |      6(0.01%) |   0(0.00%) | 0(0.00%) |    0(0.00%) |   0(0.00%) | 0(0.00%) |   0(0.00%) |
|           gen_backend_simd.gen_lane_b[1].lane_b_i        |                 ama_riscv_simd_lane_wrapup__2 |    104(0.16%) |    104(0.16%) |   0(0.00%) | 0(0.00%) |    0(0.00%) |   0(0.00%) | 0(0.00%) |   0(0.00%) |
|             (gen_backend_simd.gen_lane_b[1].lane_b_i)    |                 ama_riscv_simd_lane_wrapup__2 |     66(0.10%) |     66(0.10%) |   0(0.00%) | 0(0.00%) |    0(0.00%) |   0(0.00%) | 0(0.00%) |   0(0.00%) |
|             add_i                                        |                                        add__2 |     16(0.03%) |     16(0.03%) |   0(0.00%) | 0(0.00%) |    0(0.00%) |   0(0.00%) | 0(0.00%) |   0(0.00%) |
|             cmp_i                                        |                                   cmp_s_lt__5 |      1(0.01%) |      1(0.01%) |   0(0.00%) | 0(0.00%) |    0(0.00%) |   0(0.00%) | 0(0.00%) |   0(0.00%) |
|             csa_i                                        |                                        csa__2 |     14(0.02%) |     14(0.02%) |   0(0.00%) | 0(0.00%) |    0(0.00%) |   0(0.00%) | 0(0.00%) |   0(0.00%) |
|             qs_i                                         |                              sat_s_add_sub__2 |      6(0.01%) |      6(0.01%) |   0(0.00%) | 0(0.00%) |    0(0.00%) |   0(0.00%) | 0(0.00%) |   0(0.00%) |
|             qu_i                                         |                              sat_u_add_sub__2 |      6(0.01%) |      6(0.01%) |   0(0.00%) | 0(0.00%) |    0(0.00%) |   0(0.00%) | 0(0.00%) |   0(0.00%) |
|           gen_backend_simd.gen_lane_b[2].lane_b_i        |                 ama_riscv_simd_lane_wrapup__3 |    104(0.16%) |    104(0.16%) |   0(0.00%) | 0(0.00%) |    0(0.00%) |   0(0.00%) | 0(0.00%) |   0(0.00%) |
|             (gen_backend_simd.gen_lane_b[2].lane_b_i)    |                 ama_riscv_simd_lane_wrapup__3 |     66(0.10%) |     66(0.10%) |   0(0.00%) | 0(0.00%) |    0(0.00%) |   0(0.00%) | 0(0.00%) |   0(0.00%) |
|             add_i                                        |                                        add__3 |     16(0.03%) |     16(0.03%) |   0(0.00%) | 0(0.00%) |    0(0.00%) |   0(0.00%) | 0(0.00%) |   0(0.00%) |
|             cmp_i                                        |                                   cmp_s_lt__6 |      1(0.01%) |      1(0.01%) |   0(0.00%) | 0(0.00%) |    0(0.00%) |   0(0.00%) | 0(0.00%) |   0(0.00%) |
|             csa_i                                        |                                        csa__3 |     14(0.02%) |     14(0.02%) |   0(0.00%) | 0(0.00%) |    0(0.00%) |   0(0.00%) | 0(0.00%) |   0(0.00%) |
|             qs_i                                         |                              sat_s_add_sub__3 |      6(0.01%) |      6(0.01%) |   0(0.00%) | 0(0.00%) |    0(0.00%) |   0(0.00%) | 0(0.00%) |   0(0.00%) |
|             qu_i                                         |                              sat_u_add_sub__3 |      6(0.01%) |      6(0.01%) |   0(0.00%) | 0(0.00%) |    0(0.00%) |   0(0.00%) | 0(0.00%) |   0(0.00%) |
|           gen_backend_simd.gen_lane_b[3].lane_b_i        |                    ama_riscv_simd_lane_wrapup |    106(0.17%) |    106(0.17%) |   0(0.00%) | 0(0.00%) |    0(0.00%) |   0(0.00%) | 0(0.00%) |   0(0.00%) |
|             (gen_backend_simd.gen_lane_b[3].lane_b_i)    |                    ama_riscv_simd_lane_wrapup |     67(0.11%) |     67(0.11%) |   0(0.00%) | 0(0.00%) |    0(0.00%) |   0(0.00%) | 0(0.00%) |   0(0.00%) |
|             add_i                                        |                                           add |     16(0.03%) |     16(0.03%) |   0(0.00%) | 0(0.00%) |    0(0.00%) |   0(0.00%) | 0(0.00%) |   0(0.00%) |
|             cmp_i                                        |                                      cmp_s_lt |      1(0.01%) |      1(0.01%) |   0(0.00%) | 0(0.00%) |    0(0.00%) |   0(0.00%) | 0(0.00%) |   0(0.00%) |
|             csa_i                                        |                                           csa |     14(0.02%) |     14(0.02%) |   0(0.00%) | 0(0.00%) |    0(0.00%) |   0(0.00%) | 0(0.00%) |   0(0.00%) |
|             qs_i                                         |                                 sat_s_add_sub |      6(0.01%) |      6(0.01%) |   0(0.00%) | 0(0.00%) |    0(0.00%) |   0(0.00%) | 0(0.00%) |   0(0.00%) |
|             qu_i                                         |                                 sat_u_add_sub |      7(0.01%) |      7(0.01%) |   0(0.00%) | 0(0.00%) |    0(0.00%) |   0(0.00%) | 0(0.00%) |   0(0.00%) |
|           gen_backend_simd.gen_lane_h[0].lane_h_i        | ama_riscv_simd_lane_wrapup__parameterized0__1 |    205(0.32%) |    205(0.32%) |   0(0.00%) | 0(0.00%) |    0(0.00%) |   0(0.00%) | 0(0.00%) |   0(0.00%) |
|             (gen_backend_simd.gen_lane_h[0].lane_h_i)    | ama_riscv_simd_lane_wrapup__parameterized0__1 |    127(0.20%) |    127(0.20%) |   0(0.00%) | 0(0.00%) |    0(0.00%) |   0(0.00%) | 0(0.00%) |   0(0.00%) |
|             add_i                                        |                        add__parameterized0__7 |     32(0.05%) |     32(0.05%) |   0(0.00%) | 0(0.00%) |    0(0.00%) |   0(0.00%) | 0(0.00%) |   0(0.00%) |
|             cmp_i                                        |                                   cmp_s_lt__3 |      1(0.01%) |      1(0.01%) |   0(0.00%) | 0(0.00%) |    0(0.00%) |   0(0.00%) | 0(0.00%) |   0(0.00%) |
|             csa_i                                        |                        csa__parameterized0__1 |     30(0.05%) |     30(0.05%) |   0(0.00%) | 0(0.00%) |    0(0.00%) |   0(0.00%) | 0(0.00%) |   0(0.00%) |
|             qs_i                                         |              sat_s_add_sub__parameterized0__1 |     13(0.02%) |     13(0.02%) |   0(0.00%) | 0(0.00%) |    0(0.00%) |   0(0.00%) | 0(0.00%) |   0(0.00%) |
|             qu_i                                         |              sat_u_add_sub__parameterized0__1 |     13(0.02%) |     13(0.02%) |   0(0.00%) | 0(0.00%) |    0(0.00%) |   0(0.00%) | 0(0.00%) |   0(0.00%) |
|           gen_backend_simd.gen_lane_h[1].lane_h_i        |    ama_riscv_simd_lane_wrapup__parameterized0 |    205(0.32%) |    205(0.32%) |   0(0.00%) | 0(0.00%) |    0(0.00%) |   0(0.00%) | 0(0.00%) |   0(0.00%) |
|             (gen_backend_simd.gen_lane_h[1].lane_h_i)    |    ama_riscv_simd_lane_wrapup__parameterized0 |    126(0.20%) |    126(0.20%) |   0(0.00%) | 0(0.00%) |    0(0.00%) |   0(0.00%) | 0(0.00%) |   0(0.00%) |
|             add_i                                        |                        add__parameterized0__6 |     32(0.05%) |     32(0.05%) |   0(0.00%) | 0(0.00%) |    0(0.00%) |   0(0.00%) | 0(0.00%) |   0(0.00%) |
|             cmp_i                                        |                                   cmp_s_lt__2 |      1(0.01%) |      1(0.01%) |   0(0.00%) | 0(0.00%) |    0(0.00%) |   0(0.00%) | 0(0.00%) |   0(0.00%) |
|             csa_i                                        |                           csa__parameterized0 |     30(0.05%) |     30(0.05%) |   0(0.00%) | 0(0.00%) |    0(0.00%) |   0(0.00%) | 0(0.00%) |   0(0.00%) |
|             qs_i                                         |                 sat_s_add_sub__parameterized0 |     13(0.02%) |     13(0.02%) |   0(0.00%) | 0(0.00%) |    0(0.00%) |   0(0.00%) | 0(0.00%) |   0(0.00%) |
|             qu_i                                         |                 sat_u_add_sub__parameterized0 |     14(0.02%) |     14(0.02%) |   0(0.00%) | 0(0.00%) |    0(0.00%) |   0(0.00%) | 0(0.00%) |   0(0.00%) |
|           ppgen_i                                        |                          ama_riscv_simd_ppgen |   1077(1.70%) |   1077(1.70%) |   0(0.00%) | 0(0.00%) |    0(0.00%) |   0(0.00%) | 0(0.00%) |   0(0.00%) |
|         pc_branch_jal_add_i                              |                        add__parameterized0__3 |     31(0.05%) |     31(0.05%) |   0(0.00%) | 0(0.00%) |    0(0.00%) |   0(0.00%) | 0(0.00%) |   0(0.00%) |
|         pc_exe_inc4_i                                    |                        add__parameterized0__4 |      0(0.00%) |      0(0.00%) |   0(0.00%) | 0(0.00%) |    0(0.00%) |   0(0.00%) | 0(0.00%) |   0(0.00%) |
|         pc_fet_inc4_i                                    |                        add__parameterized0__2 |      0(0.00%) |      0(0.00%) |   0(0.00%) | 0(0.00%) |    0(0.00%) |   0(0.00%) | 0(0.00%) |   0(0.00%) |
|       ama_riscv_dcache_i                                 |                              ama_riscv_dcache |   1775(2.80%) |   1775(2.80%) |   0(0.00%) | 0(0.00%) |  789(0.62%) |   8(5.93%) | 0(0.00%) |   0(0.00%) |
|         (ama_riscv_dcache_i)                             |                              ama_riscv_dcache |   1775(2.80%) |   1775(2.80%) |   0(0.00%) | 0(0.00%) |  789(0.62%) |   0(0.00%) | 0(0.00%) |   0(0.00%) |
|         gen_bank[0].bank_i                               |                        mem__parameterized0__1 |      0(0.00%) |      0(0.00%) |   0(0.00%) | 0(0.00%) |    0(0.00%) |   2(1.48%) | 0(0.00%) |   0(0.00%) |
|         gen_bank[1].bank_i                               |                        mem__parameterized0__2 |      0(0.00%) |      0(0.00%) |   0(0.00%) | 0(0.00%) |    0(0.00%) |   2(1.48%) | 0(0.00%) |   0(0.00%) |
|         gen_bank[2].bank_i                               |                        mem__parameterized0__3 |      0(0.00%) |      0(0.00%) |   0(0.00%) | 0(0.00%) |    0(0.00%) |   2(1.48%) | 0(0.00%) |   0(0.00%) |
|         gen_bank[3].bank_i                               |                           mem__parameterized0 |      0(0.00%) |      0(0.00%) |   0(0.00%) | 0(0.00%) |    0(0.00%) |   2(1.48%) | 0(0.00%) |   0(0.00%) |
|       ama_riscv_icache_i                                 |                              ama_riscv_icache |    491(0.77%) |    491(0.77%) |   0(0.00%) | 0(0.00%) |  544(0.43%) |   4(2.96%) | 0(0.00%) |   0(0.00%) |
|         (ama_riscv_icache_i)                             |                              ama_riscv_icache |    491(0.77%) |    491(0.77%) |   0(0.00%) | 0(0.00%) |  544(0.43%) |   0(0.00%) | 0(0.00%) |   0(0.00%) |
|         gen_bank[0].bank_i                               |                                        mem__1 |      0(0.00%) |      0(0.00%) |   0(0.00%) | 0(0.00%) |    0(0.00%) |   2(1.48%) | 0(0.00%) |   0(0.00%) |
|         gen_bank[1].bank_i                               |                                           mem |      0(0.00%) |      0(0.00%) |   0(0.00%) | 0(0.00%) |    0(0.00%) |   2(1.48%) | 0(0.00%) |   0(0.00%) |
|     ama_riscv_mem_i                                      |                                 ama_riscv_mem |     31(0.05%) |     31(0.05%) |   0(0.00%) | 0(0.00%) |    2(0.01%) | 32(23.70%) | 0(0.00%) |   0(0.00%) |
|       (ama_riscv_mem_i)                                  |                                 ama_riscv_mem |      8(0.01%) |      8(0.01%) |   0(0.00%) | 0(0.00%) |    2(0.01%) |   0(0.00%) | 0(0.00%) |   0(0.00%) |
|       u_mem                                              |                             xpm_memory_tdpram |     24(0.04%) |     24(0.04%) |   0(0.00%) | 0(0.00%) |    0(0.00%) | 32(23.70%) | 0(0.00%) |   0(0.00%) |
|         xpm_memory_base_inst                             |                               xpm_memory_base |     24(0.04%) |     24(0.04%) |   0(0.00%) | 0(0.00%) |    0(0.00%) | 32(23.70%) | 0(0.00%) |   0(0.00%) |
|     ama_riscv_uart_i                                     |                                ama_riscv_uart |     74(0.12%) |     74(0.12%) |   0(0.00%) | 0(0.00%) |   92(0.07%) |   0(0.00%) | 0(0.00%) |   0(0.00%) |
|       (ama_riscv_uart_i)                                 |                                ama_riscv_uart |     20(0.03%) |     20(0.03%) |   0(0.00%) | 0(0.00%) |   44(0.03%) |   0(0.00%) | 0(0.00%) |   0(0.00%) |
|       uart_i                                             |                                          uart |     54(0.09%) |     54(0.09%) |   0(0.00%) | 0(0.00%) |   48(0.04%) |   0(0.00%) | 0(0.00%) |   0(0.00%) |
|         (uart_i)                                         |                                          uart |      0(0.00%) |      0(0.00%) |   0(0.00%) | 0(0.00%) |    2(0.01%) |   0(0.00%) | 0(0.00%) |   0(0.00%) |
|         uart_rx_i                                        |                                       uart_rx |     23(0.04%) |     23(0.04%) |   0(0.00%) | 0(0.00%) |   23(0.02%) |   0(0.00%) | 0(0.00%) |   0(0.00%) |
|         uart_tx_i                                        |                                       uart_tx |     31(0.05%) |     31(0.05%) |   0(0.00%) | 0(0.00%) |   23(0.02%) |   0(0.00%) | 0(0.00%) |   0(0.00%) |
|   fpga_clk_gen_i                                         |                        ama_riscv_fpga_clk_gen |      1(0.01%) |      1(0.01%) |   0(0.00%) | 0(0.00%) |    0(0.00%) |   0(0.00%) | 0(0.00%) |   0(0.00%) |
+----------------------------------------------------------+-----------------------------------------------+---------------+---------------+------------+----------+-------------+------------+----------+------------+
* Note: The sum of lower-level cells may be larger than their parent cells total, due to cross-hierarchy LUT combining
